// Jest Snapshot v1, https://goo.gl/fbAQLP

exports[`WordItem matches to snapshot 1`] = `
<div
  onBlur={[Function]}
  onClick={[Function]}
  onFocus={[Function]}
  onKeyPress={[Function]}
  onMouseOut={[Function]}
  onMouseOver={[Function]}
  role="button"
  tabIndex={0}
>
  <div
    className="wordItem_container"
  >
    <li
      className="wordItem_name"
    >
      hello
    </li>
    <RemoveIcon
      className="wordItem_remove"
      disabled={true}
      onClick={[Function]}
    />
  </div>
</div>
`;
