// Jest Snapshot v1, https://goo.gl/fbAQLP

exports[`ErrorModal matches to snapshot 1`] = `""`;
