// Jest Snapshot v1, https://goo.gl/fbAQLP

exports[`PracticeWindow matches to snapshot 1`] = `""`;
