// Jest Snapshot v1, https://goo.gl/fbAQLP

exports[`ListForm Component Matches to snapshot 1`] = `
<ListForm
  addNewList={[MockFunction]}
  handleError={[MockFunction]}
>
  <div
    className="listForm_container"
  >
    <ForwardRef
      className="listForm_btn listForm_btn--lg"
      data-test="addNewListButton"
      key="0 btn"
      onClick={[Function]}
      style={
        Object {
          "opacity": AnimatedValue {
            "animatedStyles": Set {},
            "children": Array [
              AnimatedStyle {
                "attach": [Function],
                "children": Array [
                  AnimatedProps {
                    "attach": [Function],
                    "children": Array [],
                    "detach": [Function],
                    "payload": Object {
                      "className": "listForm_btn listForm_btn--lg",
                      "data-test": "addNewListButton",
                      "onClick": [Function],
                      "style": [Circular],
                    },
                    "update": [Function],
                  },
                ],
                "detach": [Function],
                "payload": [Circular],
              },
            ],
            "done": true,
            "lastPosition": 0,
            "lastTime": undefined,
            "lastVelocity": undefined,
            "payload": undefined,
            "setValue": [Function],
            "startPosition": 0,
            "startTime": 1566892965061,
            "value": 0,
          },
          "position": AnimatedValue {
            "animatedStyles": Set {},
            "children": Array [
              AnimatedStyle {
                "attach": [Function],
                "children": Array [
                  AnimatedProps {
                    "attach": [Function],
                    "children": Array [],
                    "detach": [Function],
                    "payload": Object {
                      "className": "listForm_btn listForm_btn--lg",
                      "data-test": "addNewListButton",
                      "onClick": [Function],
                      "style": [Circular],
                    },
                    "update": [Function],
                  },
                ],
                "detach": [Function],
                "payload": [Circular],
              },
            ],
            "done": true,
            "lastPosition": "absolute",
            "lastTime": undefined,
            "lastVelocity": undefined,
            "payload": undefined,
            "setValue": [Function],
            "startPosition": "absolute",
            "startTime": 1566892965058,
            "value": "absolute",
          },
          "transform": AnimatedInterpolation {
            "attach": [Function],
            "calc": [Function],
            "children": Array [
              AnimatedStyle {
                "attach": [Function],
                "children": Array [
                  AnimatedProps {
                    "attach": [Function],
                    "children": Array [],
                    "detach": [Function],
                    "payload": Object {
                      "className": "listForm_btn listForm_btn--lg",
                      "data-test": "addNewListButton",
                      "onClick": [Function],
                      "style": [Circular],
                    },
                    "update": [Function],
                  },
                ],
                "detach": [Function],
                "payload": [Circular],
              },
            ],
            "detach": [Function],
            "payload": Array [
              AnimatedValue {
                "animatedStyles": Set {},
                "children": Array [
                  [Circular],
                ],
                "done": false,
                "lastPosition": 0,
                "lastTime": undefined,
                "lastVelocity": undefined,
                "payload": undefined,
                "setValue": [Function],
                "startPosition": 0,
                "startTime": 1566892965097,
                "value": 0,
              },
            ],
          },
        }
      }
    >
      <PlusIcon
        className="listForm_btn listForm_btn--lg"
        data-test="addNewListButton"
        onClick={[Function]}
        style={
          Object {
            "opacity": 0,
            "position": "absolute",
            "transform": "translate3d(100%,0,0)",
          }
        }
      >
        <svg
          className="icon listForm_btn listForm_btn--lg"
          data-test="addNewListButton"
          height="24"
          onClick={[Function]}
          style={
            Object {
              "opacity": 0,
              "position": "absolute",
              "transform": "translate3d(100%,0,0)",
            }
          }
          viewBox="0 0 24 24"
          width="24"
          xmlns="http://www.w3.org/2000/svg"
        >
          <path
            d="M12 2c5.514 0 10 4.486 10 10s-4.486 10-10 10-10-4.486-10-10 4.486-10 10-10zm0-2c-6.627 0-12 5.373-12 12s5.373 12 12 12 12-5.373 12-12-5.373-12-12-12zm6 13h-5v5h-2v-5h-5v-2h5v-5h2v5h5v2z"
          />
        </svg>
      </PlusIcon>
    </ForwardRef>
    <ForwardRef
      className="listForm_input-container"
      data-test="addNewListForm"
      key="1 form"
      onSubmit={[Function]}
      style={
        Object {
          "opacity": AnimatedValue {
            "animatedStyles": Set {},
            "children": Array [
              AnimatedStyle {
                "attach": [Function],
                "children": Array [
                  AnimatedProps {
                    "attach": [Function],
                    "children": Array [],
                    "detach": [Function],
                    "payload": Object {
                      "children": Array [
                        <input
                          className="listForm_input"
                          data-test="newListTextInput"
                          onChange={[Function]}
                          type="text"
                          value=""
                        />,
                        <RemoveIcon
                          className="listForm_btn listForm_btn--remove listForm_btn--sm"
                          data-test="closeNewListInputButton"
                          onClick={[Function]}
                        />,
                        <input
                          className="listForm_btn listForm_btn--submit listForm_btn--sm"
                          data-test="submitNewListButton"
                          type="submit"
                          value=">>"
                        />,
                      ],
                      "className": "listForm_input-container",
                      "data-test": "addNewListForm",
                      "onSubmit": [Function],
                      "style": [Circular],
                    },
                    "update": [Function],
                  },
                ],
                "detach": [Function],
                "payload": [Circular],
              },
            ],
            "done": false,
            "lastPosition": 0,
            "lastTime": undefined,
            "lastVelocity": undefined,
            "payload": undefined,
            "setValue": [Function],
            "startPosition": 0,
            "startTime": 1566892965097,
            "value": 0,
          },
          "position": AnimatedValue {
            "animatedStyles": Set {},
            "children": Array [
              AnimatedStyle {
                "attach": [Function],
                "children": Array [
                  AnimatedProps {
                    "attach": [Function],
                    "children": Array [],
                    "detach": [Function],
                    "payload": Object {
                      "children": Array [
                        <input
                          className="listForm_input"
                          data-test="newListTextInput"
                          onChange={[Function]}
                          type="text"
                          value=""
                        />,
                        <RemoveIcon
                          className="listForm_btn listForm_btn--remove listForm_btn--sm"
                          data-test="closeNewListInputButton"
                          onClick={[Function]}
                        />,
                        <input
                          className="listForm_btn listForm_btn--submit listForm_btn--sm"
                          data-test="submitNewListButton"
                          type="submit"
                          value=">>"
                        />,
                      ],
                      "className": "listForm_input-container",
                      "data-test": "addNewListForm",
                      "onSubmit": [Function],
                      "style": [Circular],
                    },
                    "update": [Function],
                  },
                ],
                "detach": [Function],
                "payload": [Circular],
              },
            ],
            "done": true,
            "lastPosition": "absolute",
            "lastTime": undefined,
            "lastVelocity": undefined,
            "payload": undefined,
            "setValue": [Function],
            "startPosition": "absolute",
            "startTime": 1566892965097,
            "value": "absolute",
          },
          "transform": AnimatedInterpolation {
            "attach": [Function],
            "calc": [Function],
            "children": Array [
              AnimatedStyle {
                "attach": [Function],
                "children": Array [
                  AnimatedProps {
                    "attach": [Function],
                    "children": Array [],
                    "detach": [Function],
                    "payload": Object {
                      "children": Array [
                        <input
                          className="listForm_input"
                          data-test="newListTextInput"
                          onChange={[Function]}
                          type="text"
                          value=""
                        />,
                        <RemoveIcon
                          className="listForm_btn listForm_btn--remove listForm_btn--sm"
                          data-test="closeNewListInputButton"
                          onClick={[Function]}
                        />,
                        <input
                          className="listForm_btn listForm_btn--submit listForm_btn--sm"
                          data-test="submitNewListButton"
                          type="submit"
                          value=">>"
                        />,
                      ],
                      "className": "listForm_input-container",
                      "data-test": "addNewListForm",
                      "onSubmit": [Function],
                      "style": [Circular],
                    },
                    "update": [Function],
                  },
                ],
                "detach": [Function],
                "payload": [Circular],
              },
            ],
            "detach": [Function],
            "payload": Array [
              AnimatedValue {
                "animatedStyles": Set {},
                "children": Array [
                  [Circular],
                ],
                "done": false,
                "lastPosition": 0,
                "lastTime": undefined,
                "lastVelocity": undefined,
                "payload": undefined,
                "setValue": [Function],
                "startPosition": 0,
                "startTime": 1566892965097,
                "value": 0,
              },
            ],
          },
        }
      }
    >
      <form
        className="listForm_input-container"
        data-test="addNewListForm"
        onSubmit={[Function]}
        style={
          Object {
            "opacity": 0,
            "position": "absolute",
            "transform": "translate3d(100%,0,0)",
          }
        }
      >
        <input
          className="listForm_input"
          data-test="newListTextInput"
          onChange={[Function]}
          type="text"
          value=""
        />
        <RemoveIcon
          className="listForm_btn listForm_btn--remove listForm_btn--sm"
          data-test="closeNewListInputButton"
          onClick={[Function]}
        >
          <svg
            className="icon listForm_btn listForm_btn--remove listForm_btn--sm"
            data-test="closeNewListInputButton"
            height="24"
            onClick={[Function]}
            viewBox="0 0 24 24"
            width="24"
            xmlns="http://www.w3.org/2000/svg"
          >
            <path
              d="M12 2c5.514 0 10 4.486 10 10s-4.486 10-10 10-10-4.486-10-10 4.486-10 10-10zm0-2c-6.627 0-12 5.373-12 12s5.373 12 12 12 12-5.373 12-12-5.373-12-12-12zm6 13h-12v-2h12v2z"
            />
          </svg>
        </RemoveIcon>
        <input
          className="listForm_btn listForm_btn--submit listForm_btn--sm"
          data-test="submitNewListButton"
          type="submit"
          value=">>"
        />
      </form>
    </ForwardRef>
  </div>
</ListForm>
`;
